// Jest Snapshot v1, https://goo.gl/fbAQLP

exports[`Form component should match the stored snapshot 1`] = `
<div
  className="sc-jTzLTM bHwELW"
>
  <div
    className="sc-daURTG cllDlm sc-hMqMXs kYklEl sc-jKJlTe izQvgc sc-kpOJdX doLePh"
  >
    <form
      acceptCharset={undefined}
      action={undefined}
      autoComplete={undefined}
      className="rjsf"
      encType={undefined}
      id={undefined}
      method={undefined}
      name={undefined}
      noValidate={false}
      onSubmit={[Function]}
      target={undefined}
    >
      <div
        className="form-group field field-object sc-hMqMXs foLzXp sc-jKJlTe izQvgc sc-kpOJdX eNsvfx"
      >
        <fieldset>
          <div
            className="form-group field field-string sc-hMqMXs foLzXp sc-jKJlTe izQvgc sc-kpOJdX eNsvfx"
          >
            <label
              className="control-label sc-gojNiO cHANxq"
              htmlFor="root_Name"
            >
              Pokemon Name
            </label>
            <input
              autoFocus={false}
              className="sc-hmzhuo cwbGSS sc-ksYbfQ lfOsOR"
              disabled={false}
              id="root_Name"
              label="Pokemon Name"
              onBlur={[Function]}
              onChange={[Function]}
              onFocus={[Function]}
              placeholder=""
              readOnly={false}
              required={false}
              type="text"
              value=""
            />
            <div />
            <div />
          </div>
        </fieldset>
        <div />
        <div />
      </div>
      <button
        className="sc-kGXeez eHjdfB sc-jzJRlG byDNsL"
      >
        Submit
      </button>
    </form>
  </div>
</div>
`;
