// Jest Snapshot v1, https://goo.gl/fbAQLP

exports[`ToggleButton renders correctly 1`] = `
<div
  className="sc-bdVaJa jKopLr"
>
  <button
    aria-label="Toggle"
    className="sc-htoDjs gDCMNh sc-gzVnrw hjtamY"
    onClick={[Function]}
    role="checkbox"
  />
</div>
`;
